// Jest Snapshot v1, https://goo.gl/fbAQLP

exports[`class Menu extends _react.Component {

  addItem(id) {
    this.props.onAddItem(id);
  }

  render() {
    let menuItems;
    if (this.props.menu) {
      menuItems = this.props.menu.map(menuitem => {
        return (
          _react2.default.createElement(_MenuItem2.default, { onAddItem: this.addItem.bind(this), key: menuitem.class, menuitem: menuitem, __source: { fileName: _jsxFileName, lineNumber: 17 }, __self: this }));

      });
    }

    return (
      _react2.default.createElement('div', { className: 'Menu', __source: { fileName: _jsxFileName, lineNumber: 23 }, __self: this },
        _react2.default.createElement('div', { className: 'MenuList', __source: { fileName: _jsxFileName, lineNumber: 24 }, __self: this },
          menuItems)));



  }} renders and matches our snapshot 1`] = `
<div
  className="Menu"
>
  <div
    className="MenuList"
  />
</div>
`;
